// Jest Snapshot v1, https://goo.gl/fbAQLP

exports[`renders without crashing 1`] = `
<div
  className="MuiPaper-root MuiPaper-elevation1 MuiCard-root accountStats MuiPaper-rounded"
>
  <div
    className="MuiCardHeader-root"
  >
    <div
      className="MuiCardHeader-content"
    >
      <span
        className="MuiTypography-root MuiCardHeader-title MuiTypography-h5 MuiTypography-displayBlock"
      >
        Account Stats
      </span>
      <span
        className="MuiTypography-root MuiCardHeader-subheader MuiTypography-body1 MuiTypography-colorTextSecondary MuiTypography-displayBlock"
      >
        
      </span>
    </div>
    <div
      className="MuiCardHeader-action"
    >
      <button
        aria-label="edit-account"
        className="MuiButtonBase-root MuiIconButton-root"
        disabled={false}
        onBlur={[Function]}
        onClick={[Function]}
        onDragLeave={[Function]}
        onFocus={[Function]}
        onKeyDown={[Function]}
        onKeyUp={[Function]}
        onMouseDown={[Function]}
        onMouseLeave={[Function]}
        onMouseUp={[Function]}
        onTouchEnd={[Function]}
        onTouchMove={[Function]}
        onTouchStart={[Function]}
        tabIndex={0}
        type="button"
      >
        <span
          className="MuiIconButton-label"
        >
          <span
            aria-hidden={true}
            className="material-icons MuiIcon-root accountStats-refreshIcon"
          >
            edit
          </span>
        </span>
      </button>
      <button
        aria-label="refresh-accountStats"
        className="MuiButtonBase-root MuiIconButton-root"
        disabled={false}
        onBlur={[Function]}
        onClick={[Function]}
        onDragLeave={[Function]}
        onFocus={[Function]}
        onKeyDown={[Function]}
        onKeyUp={[Function]}
        onMouseDown={[Function]}
        onMouseLeave={[Function]}
        onMouseUp={[Function]}
        onTouchEnd={[Function]}
        onTouchMove={[Function]}
        onTouchStart={[Function]}
        tabIndex={0}
        type="button"
      >
        <span
          className="MuiIconButton-label"
        >
          <span
            aria-hidden={true}
            className="material-icons MuiIcon-root accountStats-refreshIcon"
          >
            refresh
          </span>
        </span>
      </button>
    </div>
  </div>
  <div
    className="MuiCardContent-root accountStats-content"
  >
    <div
      className="accountStats-infoRow"
    >
      <span
        className="accountStats-label"
      >
        Balance:
      </span>
      <span
        aria-label="account-balance"
        className="accountStats-value"
      />
    </div>
    <hr
      className="MuiDivider-root"
    />
    <div
      className="accountStats-infoRow"
    >
      <span
        className="accountStats-label"
      >
        Outgoing Tx:
      </span>
      <span
        aria-label="account-outgoing"
        className="accountStats-value"
      />
    </div>
    <hr
      className="MuiDivider-root"
    />
    <div
      className="accountStats-infoRow"
    >
      <span
        className="accountStats-label"
      >
        Incoming Tx:
      </span>
      <span
        aria-label="account-incoming"
        className="accountStats-value"
      />
    </div>
  </div>
</div>
`;
